******************************************************************************
                  TI ARM Linker Unix v16.9.4                   
******************************************************************************
>> Linked Sun Dec  3 15:35:20 2017

OUTPUT FILE NAME:   <EX_PWM0.out>
ENTRY POINT SYMBOL: "_c_int00"  address: 00000665


MEMORY CONFIGURATION

         name            origin    length      used     unused   attr    fill
----------------------  --------  ---------  --------  --------  ----  --------
  FLASH                 00000000   00040000  000009f8  0003f608  R  X
  SRAM                  20000000   00008000  00000218  00007de8  RW X


SEGMENT ALLOCATION MAP

run origin  load origin   length   init length attrs members
----------  ----------- ---------- ----------- ----- -------
00000000    00000000    000009fc   000009fc    r-x
  00000000    00000000    0000026c   0000026c    r-- .intvecs
  0000026c    0000026c    000006d8   000006d8    r-x .text
  00000944    00000944    00000090   00000090    r-- .const
  000009d8    000009d8    00000024   00000024    r-- .cinit
20000000    20000000    00000218   00000000    rw-
  20000000    20000000    00000200   00000000    rw- .stack
  20000200    20000200    00000018   00000000    rw- .data


SECTION ALLOCATION MAP

 output                                  attributes/
section   page    origin      length       input sections
--------  ----  ----------  ----------   ----------------
.intvecs   0    00000000    0000026c     
                  00000000    0000026c     tm4c123gh6pm_startup_ccs.obj (.intvecs)

.text      0    0000026c    000006d8     
                  0000026c    00000132     driverlib.lib : gpio.obj (.text:GPIOPadConfigSet)
                  0000039e    00000002     rtsv7M4_T_le_v4SPD16_eabi.lib : mpu_init.obj (.text)
                  000003a0    000000f0     main.obj (.text)
                  00000490    0000009c     rtsv7M4_T_le_v4SPD16_eabi.lib : memcpy_t2.obj (.text)
                  0000052c    00000070                                   : autoinit.obj (.text)
                  0000059c    00000068                                   : copy_decompress_lzss.obj (.text:decompress:lzss)
                  00000604    00000060     driverlib.lib : timer.obj (.text:TimerConfigure)
                  00000664    00000054     rtsv7M4_T_le_v4SPD16_eabi.lib : boot.obj (.text)
                  000006b8    00000054                                   : exit.obj (.text)
                  0000070c    0000004c                                   : cpy_tbl.obj (.text)
                  00000758    00000048     driverlib.lib : gpio.obj (.text:GPIOPinConfigure)
                  000007a0    00000038                   : sysctl.obj (.text:SysCtlPeripheralReady)
                  000007d8    00000034                   : sysctl.obj (.text:SysCtlPeripheralEnable)
                  0000080c    0000002a                   : gpio.obj (.text:GPIODirModeSet)
                  00000836    00000022                   : pwm.obj (.text:PWMGenConfigure)
                  00000858    0000001e                   : pwm.obj (.text:PWMPulseWidthSet)
                  00000876    00000002     rtsv7M4_T_le_v4SPD16_eabi.lib : startup.obj (.text)
                  00000878    00000018                                   : args_main.obj (.text)
                  00000890    00000016     driverlib.lib : timer.obj (.text:TimerControlEvent)
                  000008a6    00000002     --HOLE-- [fill = 0]
                  000008a8    00000014     rtsv7M4_T_le_v4SPD16_eabi.lib : _lock.obj (.text)
                  000008bc    00000012     driverlib.lib : gpio.obj (.text:GPIOPinTypePWM)
                  000008ce    00000012                   : gpio.obj (.text:GPIOPinTypeTimer)
                  000008e0    00000012                   : pwm.obj (.text:PWMOutputState)
                  000008f2    00000010                   : pwm.obj (.text:PWMGenPeriodSet)
                  00000902    0000000e                   : timer.obj (.text:TimerEnable)
                  00000910    0000000e     rtsv7M4_T_le_v4SPD16_eabi.lib : copy_decompress_none.obj (.text:decompress:none)
                  0000091e    0000000c     driverlib.lib : pwm.obj (.text:PWMGenEnable)
                  0000092a    0000000c     tm4c123gh6pm_startup_ccs.obj (.text)
                  00000936    0000000a     driverlib.lib : timer.obj (.text:TimerValueGet)
                  00000940    00000004     rtsv7M4_T_le_v4SPD16_eabi.lib : pre_init.obj (.text)

.const     0    00000944    00000090     
                  00000944    00000090     driverlib.lib : gpio.obj (.const:g_pui32GPIOBaseAddrs)

.cinit     0    000009d8    00000024     
                  000009d8    00000011     (.cinit..data.load) [load image, compression = lzss]
                  000009e9    00000003     --HOLE-- [fill = 0]
                  000009ec    00000008     (__TI_handler_table)
                  000009f4    00000008     (__TI_cinit_table)

.init_array 
*          0    00000000    00000000     UNINITIALIZED

.data      0    20000200    00000018     UNINITIALIZED
                  20000200    0000000c     rtsv7M4_T_le_v4SPD16_eabi.lib : exit.obj (.data:$O1$$)
                  2000020c    00000008                                   : _lock.obj (.data:$O1$$)
                  20000214    00000004                                   : stkdepth_vars.obj (.data)

.stack     0    20000000    00000200     UNINITIALIZED
                  20000000    00000200     --HOLE--

MODULE SUMMARY

       Module                         code   ro data   rw data
       ------                         ----   -------   -------
    ./
       tm4c123gh6pm_startup_ccs.obj   12     620       0      
       main.obj                       240    0         0      
    +--+------------------------------+------+---------+---------+
       Total:                         252    620       0      
                                                              
    /home/solid/TivaWare_C_Series-2.1.4.178/driverlib/ccs/Debug/driverlib.lib
       gpio.obj                       456    144       0      
       timer.obj                      142    0         0      
       pwm.obj                        110    0         0      
       sysctl.obj                     108    0         0      
    +--+------------------------------+------+---------+---------+
       Total:                         816    144       0      
                                                              
    /home/solid/ti/ccsv7/tools/compiler/ti-cgt-arm_16.9.4.LTS/lib/rtsv7M4_T_le_v4SPD16_eabi.lib
       memcpy_t2.obj                  156    0         0      
       autoinit.obj                   112    0         0      
       copy_decompress_lzss.obj       104    0         0      
       exit.obj                       84     0         12     
       boot.obj                       84     0         0      
       cpy_tbl.obj                    76     0         0      
       _lock.obj                      20     0         8      
       args_main.obj                  24     0         0      
       copy_decompress_none.obj       14     0         0      
       pre_init.obj                   4      0         0      
       stkdepth_vars.obj              0      0         4      
       mpu_init.obj                   2      0         0      
       startup.obj                    2      0         0      
    +--+------------------------------+------+---------+---------+
       Total:                         682    0         24     
                                                              
       Stack:                         0      0         512    
       Linker Generated:              0      33        0      
    +--+------------------------------+------+---------+---------+
       Grand Total:                   1750   797       536    


LINKER GENERATED COPY TABLES

__TI_cinit_table @ 000009f4 records: 1, size/record: 8, table size: 8
	.data: load addr=000009d8, load size=00000011 bytes, run addr=20000200, run size=00000018 bytes, compression=lzss


LINKER GENERATED HANDLER TABLE

__TI_handler_table @ 000009ec records: 2, size/record: 4, table size: 8
	index: 0, handler: __TI_decompress_lzss
	index: 1, handler: __TI_decompress_none


GLOBAL SYMBOLS: SORTED ALPHABETICALLY BY Name 

address   name                           
-------   ----                           
000006b9  C$$EXIT                        
0000080d  GPIODirModeSet                 
0000026d  GPIOPadConfigSet               
00000759  GPIOPinConfigure               
000008bd  GPIOPinTypePWM                 
000008cf  GPIOPinTypeTimer               
00000837  PWMGenConfigure                
0000091f  PWMGenEnable                   
000008f3  PWMGenPeriodSet                
000008e1  PWMOutputState                 
00000859  PWMPulseWidthSet               
0000092b  ResetISR                       
UNDEFED   SHT$$INIT_ARRAY$$Base          
UNDEFED   SHT$$INIT_ARRAY$$Limit         
000007d9  SysCtlPeripheralEnable         
000007a1  SysCtlPeripheralReady          
00000605  TimerConfigure                 
00000891  TimerControlEvent              
00000903  TimerEnable                    
00000937  TimerValueGet                  
20000200  __STACK_END                    
00000200  __STACK_SIZE                   
20000200  __STACK_TOP                    
000009f4  __TI_CINIT_Base                
000009fc  __TI_CINIT_Limit               
000009ec  __TI_Handler_Table_Base        
000009f4  __TI_Handler_Table_Limit       
0000052d  __TI_auto_init                 
20000200  __TI_cleanup_ptr               
0000059d  __TI_decompress_lzss           
00000911  __TI_decompress_none           
20000204  __TI_dtors_ptr                 
20000208  __TI_enable_exit_profile_output
ffffffff  __TI_pprof_out_hndl            
ffffffff  __TI_prof_data_size            
ffffffff  __TI_prof_data_start           
00000000  __TI_static_base__             
00000491  __aeabi_memcpy                 
00000491  __aeabi_memcpy4                
00000491  __aeabi_memcpy8                
ffffffff  __binit__                      
ffffffff  __c_args__                     
0000039f  __mpu_init                     
20000000  __stack                        
00000879  _args_main                     
00000665  _c_int00                       
2000020c  _lock                          
000008b7  _nop                           
000008af  _register_lock                 
000008a9  _register_unlock               
00000877  _system_post_cinit             
00000941  _system_pre_init               
20000210  _unlock                        
000006bd  abort                          
ffffffff  binit                          
000003bb  config_pwm                     
0000041b  config_timer                   
0000070d  copy_in                        
000006c5  exit                           
00000000  g_pfnVectors                   
000003a1  main                           
20000214  main_func_sp                   
00000491  memcpy                         


GLOBAL SYMBOLS: SORTED BY Symbol Address 

address   name                           
-------   ----                           
00000000  __TI_static_base__             
00000000  g_pfnVectors                   
00000200  __STACK_SIZE                   
0000026d  GPIOPadConfigSet               
0000039f  __mpu_init                     
000003a1  main                           
000003bb  config_pwm                     
0000041b  config_timer                   
00000491  __aeabi_memcpy                 
00000491  __aeabi_memcpy4                
00000491  __aeabi_memcpy8                
00000491  memcpy                         
0000052d  __TI_auto_init                 
0000059d  __TI_decompress_lzss           
00000605  TimerConfigure                 
00000665  _c_int00                       
000006b9  C$$EXIT                        
000006bd  abort                          
000006c5  exit                           
0000070d  copy_in                        
00000759  GPIOPinConfigure               
000007a1  SysCtlPeripheralReady          
000007d9  SysCtlPeripheralEnable         
0000080d  GPIODirModeSet                 
00000837  PWMGenConfigure                
00000859  PWMPulseWidthSet               
00000877  _system_post_cinit             
00000879  _args_main                     
00000891  TimerControlEvent              
000008a9  _register_unlock               
000008af  _register_lock                 
000008b7  _nop                           
000008bd  GPIOPinTypePWM                 
000008cf  GPIOPinTypeTimer               
000008e1  PWMOutputState                 
000008f3  PWMGenPeriodSet                
00000903  TimerEnable                    
00000911  __TI_decompress_none           
0000091f  PWMGenEnable                   
0000092b  ResetISR                       
00000937  TimerValueGet                  
00000941  _system_pre_init               
000009ec  __TI_Handler_Table_Base        
000009f4  __TI_CINIT_Base                
000009f4  __TI_Handler_Table_Limit       
000009fc  __TI_CINIT_Limit               
20000000  __stack                        
20000200  __STACK_END                    
20000200  __STACK_TOP                    
20000200  __TI_cleanup_ptr               
20000204  __TI_dtors_ptr                 
20000208  __TI_enable_exit_profile_output
2000020c  _lock                          
20000210  _unlock                        
20000214  main_func_sp                   
ffffffff  __TI_pprof_out_hndl            
ffffffff  __TI_prof_data_size            
ffffffff  __TI_prof_data_start           
ffffffff  __binit__                      
ffffffff  __c_args__                     
ffffffff  binit                          
UNDEFED   SHT$$INIT_ARRAY$$Base          
UNDEFED   SHT$$INIT_ARRAY$$Limit         

[63 symbols]
