******************************************************************************
                  TI ARM Linker Unix v16.9.4                   
******************************************************************************
>> Linked Sun Nov 26 16:55:28 2017

OUTPUT FILE NAME:   <EX_SERIAL_2.out>
ENTRY POINT SYMBOL: "_c_int00"  address: 00000a4d


MEMORY CONFIGURATION

         name            origin    length      used     unused   attr    fill
----------------------  --------  ---------  --------  --------  ----  --------
  FLASH                 00000000   00040000  00000e6e  0003f192  R  X
  SRAM                  20000000   00008000  00000220  00007de0  RW X


SEGMENT ALLOCATION MAP

run origin  load origin   length   init length attrs members
----------  ----------- ---------- ----------- ----- -------
00000000    00000000    00000e74   00000e74    r-x
  00000000    00000000    0000026c   0000026c    r-- .intvecs
  0000026c    0000026c    00000b1e   00000b1e    r-x .text
  00000d8c    00000d8c    000000c0   000000c0    r-- .const
  00000e50    00000e50    00000024   00000024    r-- .cinit
20000000    20000000    00000220   00000000    rw-
  20000000    20000000    00000200   00000000    rw- .stack
  20000200    20000200    00000020   00000000    rw- .data


SECTION ALLOCATION MAP

 output                                  attributes/
section   page    origin      length       input sections
--------  ----  ----------  ----------   ----------------
.intvecs   0    00000000    0000026c     
                  00000000    0000026c     tm4c123gh6pm_startup_ccs.obj (.intvecs)

.text      0    0000026c    00000b1e     
                  0000026c    0000049c     uartstdio.obj (.text)
                  00000708    00000132     driverlib.lib : gpio.obj (.text:GPIOPadConfigSet)
                  0000083a    00000002     rtsv7M4_T_le_v4SPD16_eabi.lib : i_div0.obj (.text)
                  0000083c    0000009c     main.obj (.text)
                  000008d8    0000009c     rtsv7M4_T_le_v4SPD16_eabi.lib : memcpy_t2.obj (.text)
                  00000974    00000070                                   : autoinit.obj (.text)
                  000009e4    00000068                                   : copy_decompress_lzss.obj (.text:decompress:lzss)
                  00000a4c    00000054                                   : boot.obj (.text)
                  00000aa0    00000054                                   : exit.obj (.text)
                  00000af4    0000004c                                   : cpy_tbl.obj (.text)
                  00000b40    00000048     driverlib.lib : gpio.obj (.text:GPIOPinConfigure)
                  00000b88    00000046                   : uart.obj (.text:UARTConfigSetExpClk)
                  00000bce    00000040     rtsv7M4_T_le_v4SPD16_eabi.lib : u_divt2.obj (.text)
                  00000c0e    00000002                                   : mpu_init.obj (.text)
                  00000c10    00000038     driverlib.lib : sysctl.obj (.text:SysCtlPeripheralPresent)
                  00000c48    00000038                   : sysctl.obj (.text:SysCtlPeripheralReady)
                  00000c80    00000034                   : sysctl.obj (.text:SysCtlPeripheralEnable)
                  00000cb4    0000002a                   : gpio.obj (.text:GPIODirModeSet)
                  00000cde    00000002     rtsv7M4_T_le_v4SPD16_eabi.lib : startup.obj (.text)
                  00000ce0    00000020     driverlib.lib : uart.obj (.text:UARTDisable)
                  00000d00    00000018     rtsv7M4_T_le_v4SPD16_eabi.lib : args_main.obj (.text)
                  00000d18    00000014     driverlib.lib : uart.obj (.text:UARTEnable)
                  00000d2c    00000014     rtsv7M4_T_le_v4SPD16_eabi.lib : _lock.obj (.text)
                  00000d40    00000012     driverlib.lib : gpio.obj (.text:GPIOPinTypeUART)
                  00000d52    0000000e     rtsv7M4_T_le_v4SPD16_eabi.lib : copy_decompress_none.obj (.text:decompress:none)
                  00000d60    0000000c     tm4c123gh6pm_startup_ccs.obj (.text)
                  00000d6c    0000000a     driverlib.lib : uart.obj (.text:UARTCharGet)
                  00000d76    0000000a                   : uart.obj (.text:UARTCharPut)
                  00000d80    00000006                   : uart.obj (.text:UARTClockSourceSet)
                  00000d86    00000004     rtsv7M4_T_le_v4SPD16_eabi.lib : pre_init.obj (.text)

.const     0    00000d8c    000000c0     
                  00000d8c    00000090     driverlib.lib : gpio.obj (.const:g_pui32GPIOBaseAddrs)
                  00000e1c    00000012     uartstdio.obj (.const:.string)
                  00000e2e    00000002     --HOLE-- [fill = 0]
                  00000e30    0000000c     uartstdio.obj (.const:g_ui32UARTBase)
                  00000e3c    0000000c     uartstdio.obj (.const:g_ui32UARTPeriph)
                  00000e48    00000004     uartstdio.obj (.const)

.cinit     0    00000e50    00000024     
                  00000e50    00000011     (.cinit..data.load) [load image, compression = lzss]
                  00000e61    00000003     --HOLE-- [fill = 0]
                  00000e64    00000008     (__TI_handler_table)
                  00000e6c    00000008     (__TI_cinit_table)

.init_array 
*          0    00000000    00000000     UNINITIALIZED

.data      0    20000200    00000020     UNINITIALIZED
                  20000200    0000000c     rtsv7M4_T_le_v4SPD16_eabi.lib : exit.obj (.data:$O1$$)
                  2000020c    00000008                                   : _lock.obj (.data:$O1$$)
                  20000214    00000005     uartstdio.obj (.data)
                  20000219    00000003     --HOLE--
                  2000021c    00000004     rtsv7M4_T_le_v4SPD16_eabi.lib : stkdepth_vars.obj (.data)

.stack     0    20000000    00000200     UNINITIALIZED
                  20000000    00000200     --HOLE--

MODULE SUMMARY

       Module                         code   ro data   rw data
       ------                         ----   -------   -------
    ./
       uartstdio.obj                  1180   46        5      
       tm4c123gh6pm_startup_ccs.obj   12     620       0      
       main.obj                       156    0         0      
    +--+------------------------------+------+---------+---------+
       Total:                         1348   666       5      
                                                              
    /home/solid/TivaWare_C_Series-2.1.4.178/driverlib/ccs/Debug/driverlib.lib
       gpio.obj                       438    144       0      
       sysctl.obj                     164    0         0      
       uart.obj                       148    0         0      
    +--+------------------------------+------+---------+---------+
       Total:                         750    144       0      
                                                              
    /home/solid/ti/ccsv7/tools/compiler/ti-cgt-arm_16.9.4.LTS/lib/rtsv7M4_T_le_v4SPD16_eabi.lib
       memcpy_t2.obj                  156    0         0      
       autoinit.obj                   112    0         0      
       copy_decompress_lzss.obj       104    0         0      
       exit.obj                       84     0         12     
       boot.obj                       84     0         0      
       cpy_tbl.obj                    76     0         0      
       u_divt2.obj                    64     0         0      
       _lock.obj                      20     0         8      
       args_main.obj                  24     0         0      
       copy_decompress_none.obj       14     0         0      
       pre_init.obj                   4      0         0      
       stkdepth_vars.obj              0      0         4      
       i_div0.obj                     2      0         0      
       mpu_init.obj                   2      0         0      
       startup.obj                    2      0         0      
    +--+------------------------------+------+---------+---------+
       Total:                         748    0         24     
                                                              
       Stack:                         0      0         512    
       Linker Generated:              0      33        0      
    +--+------------------------------+------+---------+---------+
       Grand Total:                   2846   843       541    


LINKER GENERATED COPY TABLES

__TI_cinit_table @ 00000e6c records: 1, size/record: 8, table size: 8
	.data: load addr=00000e50, load size=00000011 bytes, run addr=20000200, run size=00000020 bytes, compression=lzss


LINKER GENERATED HANDLER TABLE

__TI_handler_table @ 00000e64 records: 2, size/record: 4, table size: 8
	index: 0, handler: __TI_decompress_lzss
	index: 1, handler: __TI_decompress_none


GLOBAL SYMBOLS: SORTED ALPHABETICALLY BY Name 

address   name                           
-------   ----                           
00000aa1  C$$EXIT                        
00000cb5  GPIODirModeSet                 
00000709  GPIOPadConfigSet               
00000b41  GPIOPinConfigure               
00000d41  GPIOPinTypeUART                
00000d61  ResetISR                       
UNDEFED   SHT$$INIT_ARRAY$$Base          
UNDEFED   SHT$$INIT_ARRAY$$Limit         
00000c81  SysCtlPeripheralEnable         
00000c11  SysCtlPeripheralPresent        
00000c49  SysCtlPeripheralReady          
00000d6d  UARTCharGet                    
00000d77  UARTCharPut                    
00000d81  UARTClockSourceSet             
00000b89  UARTConfigSetExpClk            
00000ce1  UARTDisable                    
00000d19  UARTEnable                     
0000026d  UARTStdioConfig                
000003b3  UARTgetc                       
000002f9  UARTgets                       
000006d3  UARTprintf                     
000003d9  UARTvprintf                    
000002b3  UARTwrite                      
20000200  __STACK_END                    
00000200  __STACK_SIZE                   
20000200  __STACK_TOP                    
00000e6c  __TI_CINIT_Base                
00000e74  __TI_CINIT_Limit               
00000e64  __TI_Handler_Table_Base        
00000e6c  __TI_Handler_Table_Limit       
00000975  __TI_auto_init                 
20000200  __TI_cleanup_ptr               
000009e5  __TI_decompress_lzss           
00000d53  __TI_decompress_none           
20000204  __TI_dtors_ptr                 
20000208  __TI_enable_exit_profile_output
ffffffff  __TI_pprof_out_hndl            
ffffffff  __TI_prof_data_size            
ffffffff  __TI_prof_data_start           
00000000  __TI_static_base__             
0000083b  __aeabi_idiv0                  
000008d9  __aeabi_memcpy                 
000008d9  __aeabi_memcpy4                
000008d9  __aeabi_memcpy8                
00000bcf  __aeabi_uidiv                  
00000bcf  __aeabi_uidivmod               
ffffffff  __binit__                      
ffffffff  __c_args__                     
00000c0f  __mpu_init                     
20000000  __stack                        
00000d01  _args_main                     
00000a4d  _c_int00                       
2000020c  _lock                          
00000d3b  _nop                           
00000d33  _register_lock                 
00000d2d  _register_unlock               
00000cdf  _system_post_cinit             
00000d87  _system_pre_init               
20000210  _unlock                        
00000aa5  abort                          
ffffffff  binit                          
00000851  config_serial                  
00000af5  copy_in                        
00000aad  exit                           
00000000  g_pfnVectors                   
0000083d  main                           
2000021c  main_func_sp                   
000008d9  memcpy                         


GLOBAL SYMBOLS: SORTED BY Symbol Address 

address   name                           
-------   ----                           
00000000  __TI_static_base__             
00000000  g_pfnVectors                   
00000200  __STACK_SIZE                   
0000026d  UARTStdioConfig                
000002b3  UARTwrite                      
000002f9  UARTgets                       
000003b3  UARTgetc                       
000003d9  UARTvprintf                    
000006d3  UARTprintf                     
00000709  GPIOPadConfigSet               
0000083b  __aeabi_idiv0                  
0000083d  main                           
00000851  config_serial                  
000008d9  __aeabi_memcpy                 
000008d9  __aeabi_memcpy4                
000008d9  __aeabi_memcpy8                
000008d9  memcpy                         
00000975  __TI_auto_init                 
000009e5  __TI_decompress_lzss           
00000a4d  _c_int00                       
00000aa1  C$$EXIT                        
00000aa5  abort                          
00000aad  exit                           
00000af5  copy_in                        
00000b41  GPIOPinConfigure               
00000b89  UARTConfigSetExpClk            
00000bcf  __aeabi_uidiv                  
00000bcf  __aeabi_uidivmod               
00000c0f  __mpu_init                     
00000c11  SysCtlPeripheralPresent        
00000c49  SysCtlPeripheralReady          
00000c81  SysCtlPeripheralEnable         
00000cb5  GPIODirModeSet                 
00000cdf  _system_post_cinit             
00000ce1  UARTDisable                    
00000d01  _args_main                     
00000d19  UARTEnable                     
00000d2d  _register_unlock               
00000d33  _register_lock                 
00000d3b  _nop                           
00000d41  GPIOPinTypeUART                
00000d53  __TI_decompress_none           
00000d61  ResetISR                       
00000d6d  UARTCharGet                    
00000d77  UARTCharPut                    
00000d81  UARTClockSourceSet             
00000d87  _system_pre_init               
00000e64  __TI_Handler_Table_Base        
00000e6c  __TI_CINIT_Base                
00000e6c  __TI_Handler_Table_Limit       
00000e74  __TI_CINIT_Limit               
20000000  __stack                        
20000200  __STACK_END                    
20000200  __STACK_TOP                    
20000200  __TI_cleanup_ptr               
20000204  __TI_dtors_ptr                 
20000208  __TI_enable_exit_profile_output
2000020c  _lock                          
20000210  _unlock                        
2000021c  main_func_sp                   
ffffffff  __TI_pprof_out_hndl            
ffffffff  __TI_prof_data_size            
ffffffff  __TI_prof_data_start           
ffffffff  __binit__                      
ffffffff  __c_args__                     
ffffffff  binit                          
UNDEFED   SHT$$INIT_ARRAY$$Base          
UNDEFED   SHT$$INIT_ARRAY$$Limit         

[68 symbols]
