******************************************************************************
                  TI ARM Linker Unix v16.9.4                   
******************************************************************************
>> Linked Fri Dec  8 22:05:31 2017

OUTPUT FILE NAME:   <EX_TIMER_INTERRUPT.out>
ENTRY POINT SYMBOL: "_c_int00"  address: 000005c1


MEMORY CONFIGURATION

         name            origin    length      used     unused   attr    fill
----------------------  --------  ---------  --------  --------  ----  --------
  FLASH                 00000000   00040000  00000980  0003f680  R  X
  SRAM                  20000000   00008000  0000048c  00007b74  RW X


SEGMENT ALLOCATION MAP

run origin  load origin   length   init length attrs members
----------  ----------- ---------- ----------- ----- -------
00000000    00000000    00000980   00000980    r-x
  00000000    00000000    0000026c   0000026c    r-- .intvecs
  0000026c    0000026c    000005cc   000005cc    r-x .text
  00000838    00000838    00000110   00000110    r-- .const
  00000948    00000948    00000038   00000038    r-- .cinit
20000000    20000000    0000048c   00000000    rw-
  20000000    20000000    0000026c   00000000    rw- .vtable
  2000026c    2000026c    00000200   00000000    rw- .stack
  2000046c    2000046c    00000020   00000000    rw- .data


SECTION ALLOCATION MAP

 output                                  attributes/
section   page    origin      length       input sections
--------  ----  ----------  ----------   ----------------
.intvecs   0    00000000    0000026c     
                  00000000    0000026c     tm4c123gh6pm_startup_ccs.obj (.intvecs)

.text      0    0000026c    000005cc     
                  0000026c    0000009c     main.obj (.text)
                  00000308    0000009c     rtsv7M4_T_le_v4SPD16_eabi.lib : memcpy_t2.obj (.text)
                  000003a4    0000007a                                   : memset_t2.obj (.text)
                  0000041e    00000002                                   : mpu_init.obj (.text)
                  00000420    00000070                                   : autoinit.obj (.text)
                  00000490    00000068     driverlib.lib : interrupt.obj (.text:IntEnable)
                  000004f8    00000068     rtsv7M4_T_le_v4SPD16_eabi.lib : copy_decompress_lzss.obj (.text:decompress:lzss)
                  00000560    00000060     driverlib.lib : timer.obj (.text:TimerConfigure)
                  000005c0    00000054     rtsv7M4_T_le_v4SPD16_eabi.lib : boot.obj (.text)
                  00000614    00000054                                   : exit.obj (.text)
                  00000668    0000004c     driverlib.lib : timer.obj (.text:_TimerIntNumberGet)
                  000006b4    0000004c     rtsv7M4_T_le_v4SPD16_eabi.lib : cpy_tbl.obj (.text)
                  00000700    00000038     driverlib.lib : sysctl.obj (.text:SysCtlPeripheralReady)
                  00000738    00000034                   : interrupt.obj (.text:IntRegister)
                  0000076c    00000034                   : sysctl.obj (.text:SysCtlPeripheralEnable)
                  000007a0    00000018                   : timer.obj (.text:TimerIntRegister)
                  000007b8    00000018     rtsv7M4_T_le_v4SPD16_eabi.lib : args_main.obj (.text)
                  000007d0    00000014                                   : _lock.obj (.text)
                  000007e4    00000012     driverlib.lib : timer.obj (.text:TimerLoadSet)
                  000007f6    0000000e                   : timer.obj (.text:TimerEnable)
                  00000804    0000000e     rtsv7M4_T_le_v4SPD16_eabi.lib : copy_decompress_none.obj (.text:decompress:none)
                  00000812    0000000c                                   : copy_zero_init.obj (.text:decompress:ZI)
                  0000081e    0000000c     tm4c123gh6pm_startup_ccs.obj (.text)
                  0000082a    00000008     driverlib.lib : timer.obj (.text:TimerIntEnable)
                  00000832    00000004     rtsv7M4_T_le_v4SPD16_eabi.lib : pre_init.obj (.text)
                  00000836    00000002                                   : startup.obj (.text)

.const     0    00000838    00000110     
                  00000838    00000070     driverlib.lib : interrupt.obj (.const)
                  000008a8    00000060                   : timer.obj (.const:g_ppui32TimerIntMap)
                  00000908    00000040                   : timer.obj (.const:g_ppui32TimerIntMapSnowflake)

.cinit     0    00000948    00000038     
                  00000948    00000011     (.cinit..data.load) [load image, compression = lzss]
                  00000959    00000003     --HOLE-- [fill = 0]
                  0000095c    0000000c     (__TI_handler_table)
                  00000968    00000008     (.cinit..vtable.load) [load image, compression = zero_init]
                  00000970    00000010     (__TI_cinit_table)

.init_array 
*          0    00000000    00000000     UNINITIALIZED

.vtable    0    20000000    0000026c     UNINITIALIZED
                  20000000    0000026c     driverlib.lib : interrupt.obj (.vtable)

.data      0    2000046c    00000020     UNINITIALIZED
                  2000046c    0000000c     rtsv7M4_T_le_v4SPD16_eabi.lib : exit.obj (.data:$O1$$)
                  20000478    00000008                                   : _lock.obj (.data:$O1$$)
                  20000480    00000008     main.obj (.data)
                  20000488    00000004     rtsv7M4_T_le_v4SPD16_eabi.lib : stkdepth_vars.obj (.data)

.stack     0    2000026c    00000200     UNINITIALIZED
                  2000026c    00000200     --HOLE--

MODULE SUMMARY

       Module                         code   ro data   rw data
       ------                         ----   -------   -------
    ./
       tm4c123gh6pm_startup_ccs.obj   12     620       0      
       main.obj                       156    0         8      
    +--+------------------------------+------+---------+---------+
       Total:                         168    620       8      
                                                              
    /home/solid/TivaWare_C_Series-2.1.4.178/driverlib/ccs/Debug/driverlib.lib
       interrupt.obj                  156    112       620    
       timer.obj                      236    160       0      
       sysctl.obj                     108    0         0      
    +--+------------------------------+------+---------+---------+
       Total:                         500    272       620    
                                                              
    /home/solid/ti/ccsv7/tools/compiler/ti-cgt-arm_16.9.4.LTS/lib/rtsv7M4_T_le_v4SPD16_eabi.lib
       memcpy_t2.obj                  156    0         0      
       memset_t2.obj                  122    0         0      
       autoinit.obj                   112    0         0      
       copy_decompress_lzss.obj       104    0         0      
       exit.obj                       84     0         12     
       boot.obj                       84     0         0      
       cpy_tbl.obj                    76     0         0      
       _lock.obj                      20     0         8      
       args_main.obj                  24     0         0      
       copy_decompress_none.obj       14     0         0      
       copy_zero_init.obj             12     0         0      
       pre_init.obj                   4      0         0      
       stkdepth_vars.obj              0      0         4      
       mpu_init.obj                   2      0         0      
       startup.obj                    2      0         0      
    +--+------------------------------+------+---------+---------+
       Total:                         816    0         24     
                                                              
       Stack:                         0      0         512    
       Linker Generated:              0      53        0      
    +--+------------------------------+------+---------+---------+
       Grand Total:                   1484   945       1164   


LINKER GENERATED COPY TABLES

__TI_cinit_table @ 00000970 records: 2, size/record: 8, table size: 16
	.data: load addr=00000948, load size=00000011 bytes, run addr=2000046c, run size=00000020 bytes, compression=lzss
	.vtable: load addr=00000968, load size=00000008 bytes, run addr=20000000, run size=0000026c bytes, compression=zero_init


LINKER GENERATED HANDLER TABLE

__TI_handler_table @ 0000095c records: 3, size/record: 4, table size: 12
	index: 0, handler: __TI_zero_init
	index: 1, handler: __TI_decompress_lzss
	index: 2, handler: __TI_decompress_none


GLOBAL SYMBOLS: SORTED ALPHABETICALLY BY Name 

address   name                           
-------   ----                           
00000615  C$$EXIT                        
00000491  IntEnable                      
00000739  IntRegister                    
0000081f  ResetISR                       
UNDEFED   SHT$$INIT_ARRAY$$Base          
UNDEFED   SHT$$INIT_ARRAY$$Limit         
0000076d  SysCtlPeripheralEnable         
00000701  SysCtlPeripheralReady          
00000561  TimerConfigure                 
000007f7  TimerEnable                    
0000082b  TimerIntEnable                 
000007a1  TimerIntRegister               
000007e5  TimerLoadSet                   
2000046c  __STACK_END                    
00000200  __STACK_SIZE                   
2000046c  __STACK_TOP                    
00000970  __TI_CINIT_Base                
00000980  __TI_CINIT_Limit               
0000095c  __TI_Handler_Table_Base        
00000968  __TI_Handler_Table_Limit       
00000421  __TI_auto_init                 
2000046c  __TI_cleanup_ptr               
000004f9  __TI_decompress_lzss           
00000805  __TI_decompress_none           
20000470  __TI_dtors_ptr                 
20000474  __TI_enable_exit_profile_output
ffffffff  __TI_pprof_out_hndl            
ffffffff  __TI_prof_data_size            
ffffffff  __TI_prof_data_start           
00000000  __TI_static_base__             
00000813  __TI_zero_init                 
000003a5  __aeabi_memclr                 
000003a5  __aeabi_memclr4                
000003a5  __aeabi_memclr8                
00000309  __aeabi_memcpy                 
00000309  __aeabi_memcpy4                
00000309  __aeabi_memcpy8                
000003a7  __aeabi_memset                 
000003a7  __aeabi_memset4                
000003a7  __aeabi_memset8                
ffffffff  __binit__                      
ffffffff  __c_args__                     
0000041f  __mpu_init                     
2000026c  __stack                        
000007b9  _args_main                     
000005c1  _c_int00                       
20000478  _lock                          
000007df  _nop                           
000007d7  _register_lock                 
000007d1  _register_unlock               
00000837  _system_post_cinit             
00000833  _system_pre_init               
2000047c  _unlock                        
00000619  abort                          
ffffffff  binit                          
00000295  config_timer                   
000006b5  copy_in                        
00000621  exit                           
20000000  g_pfnRAMVectors                
00000000  g_pfnVectors                   
0000028d  main                           
20000488  main_func_sp                   
00000309  memcpy                         
000003ad  memset                         
20000480  one_Second                     
0000026d  timerA_interrupt_handler       


GLOBAL SYMBOLS: SORTED BY Symbol Address 

address   name                           
-------   ----                           
00000000  __TI_static_base__             
00000000  g_pfnVectors                   
00000200  __STACK_SIZE                   
0000026d  timerA_interrupt_handler       
0000028d  main                           
00000295  config_timer                   
00000309  __aeabi_memcpy                 
00000309  __aeabi_memcpy4                
00000309  __aeabi_memcpy8                
00000309  memcpy                         
000003a5  __aeabi_memclr                 
000003a5  __aeabi_memclr4                
000003a5  __aeabi_memclr8                
000003a7  __aeabi_memset                 
000003a7  __aeabi_memset4                
000003a7  __aeabi_memset8                
000003ad  memset                         
0000041f  __mpu_init                     
00000421  __TI_auto_init                 
00000491  IntEnable                      
000004f9  __TI_decompress_lzss           
00000561  TimerConfigure                 
000005c1  _c_int00                       
00000615  C$$EXIT                        
00000619  abort                          
00000621  exit                           
000006b5  copy_in                        
00000701  SysCtlPeripheralReady          
00000739  IntRegister                    
0000076d  SysCtlPeripheralEnable         
000007a1  TimerIntRegister               
000007b9  _args_main                     
000007d1  _register_unlock               
000007d7  _register_lock                 
000007df  _nop                           
000007e5  TimerLoadSet                   
000007f7  TimerEnable                    
00000805  __TI_decompress_none           
00000813  __TI_zero_init                 
0000081f  ResetISR                       
0000082b  TimerIntEnable                 
00000833  _system_pre_init               
00000837  _system_post_cinit             
0000095c  __TI_Handler_Table_Base        
00000968  __TI_Handler_Table_Limit       
00000970  __TI_CINIT_Base                
00000980  __TI_CINIT_Limit               
20000000  g_pfnRAMVectors                
2000026c  __stack                        
2000046c  __STACK_END                    
2000046c  __STACK_TOP                    
2000046c  __TI_cleanup_ptr               
20000470  __TI_dtors_ptr                 
20000474  __TI_enable_exit_profile_output
20000478  _lock                          
2000047c  _unlock                        
20000480  one_Second                     
20000488  main_func_sp                   
ffffffff  __TI_pprof_out_hndl            
ffffffff  __TI_prof_data_size            
ffffffff  __TI_prof_data_start           
ffffffff  __binit__                      
ffffffff  __c_args__                     
ffffffff  binit                          
UNDEFED   SHT$$INIT_ARRAY$$Base          
UNDEFED   SHT$$INIT_ARRAY$$Limit         

[66 symbols]
