******************************************************************************
                  TI ARM Linker Unix v16.9.4                   
******************************************************************************
>> Linked Sun Jan 21 21:07:42 2018

OUTPUT FILE NAME:   <EX_TIMER_COUNTER.out>
ENTRY POINT SYMBOL: "_c_int00"  address: 00000601


MEMORY CONFIGURATION

         name            origin    length      used     unused   attr    fill
----------------------  --------  ---------  --------  --------  ----  --------
  FLASH                 00000000   00040000  00000926  0003f6da  R  X
  SRAM                  20000000   00008000  00000218  00007de8  RW X


SEGMENT ALLOCATION MAP

run origin  load origin   length   init length attrs members
----------  ----------- ---------- ----------- ----- -------
00000000    00000000    0000092c   0000092c    r-x
  00000000    00000000    0000026c   0000026c    r-- .intvecs
  0000026c    0000026c    00000606   00000606    r-x .text
  00000874    00000874    00000090   00000090    r-- .const
  00000908    00000908    00000024   00000024    r-- .cinit
20000000    20000000    00000218   00000000    rw-
  20000000    20000000    00000200   00000000    rw- .stack
  20000200    20000200    00000018   00000000    rw- .data


SECTION ALLOCATION MAP

 output                                  attributes/
section   page    origin      length       input sections
--------  ----  ----------  ----------   ----------------
.intvecs   0    00000000    0000026c     
                  00000000    0000026c     tm4c123gh6pm_startup_ccs.obj (.intvecs)

.text      0    0000026c    00000606     
                  0000026c    00000132     driverlib.lib : gpio.obj (.text:GPIOPadConfigSet)
                  0000039e    0000009c     rtsv7M4_T_le_v4SPD16_eabi.lib : memcpy_t2.obj (.text)
                  0000043a    00000002                                   : mpu_init.obj (.text)
                  0000043c    0000008c     main.obj (.text)
                  000004c8    00000070     rtsv7M4_T_le_v4SPD16_eabi.lib : autoinit.obj (.text)
                  00000538    00000068                                   : copy_decompress_lzss.obj (.text:decompress:lzss)
                  000005a0    00000060     driverlib.lib : timer.obj (.text:TimerConfigure)
                  00000600    00000054     rtsv7M4_T_le_v4SPD16_eabi.lib : boot.obj (.text)
                  00000654    00000054                                   : exit.obj (.text)
                  000006a8    0000004c                                   : cpy_tbl.obj (.text)
                  000006f4    00000048     driverlib.lib : gpio.obj (.text:GPIOPinConfigure)
                  0000073c    00000038                   : sysctl.obj (.text:SysCtlPeripheralReady)
                  00000774    00000034                   : sysctl.obj (.text:SysCtlPeripheralEnable)
                  000007a8    0000002a                   : gpio.obj (.text:GPIODirModeSet)
                  000007d2    00000002     rtsv7M4_T_le_v4SPD16_eabi.lib : startup.obj (.text)
                  000007d4    00000018                                   : args_main.obj (.text)
                  000007ec    00000016     driverlib.lib : timer.obj (.text:TimerControlEvent)
                  00000802    00000002     --HOLE-- [fill = 0]
                  00000804    00000014     rtsv7M4_T_le_v4SPD16_eabi.lib : _lock.obj (.text)
                  00000818    00000012     driverlib.lib : gpio.obj (.text:GPIOPinTypeTimer)
                  0000082a    00000012                   : timer.obj (.text:TimerLoadSet)
                  0000083c    0000000e                   : timer.obj (.text:TimerEnable)
                  0000084a    0000000e     rtsv7M4_T_le_v4SPD16_eabi.lib : copy_decompress_none.obj (.text:decompress:none)
                  00000858    0000000c     tm4c123gh6pm_startup_ccs.obj (.text)
                  00000864    0000000a     driverlib.lib : timer.obj (.text:TimerValueGet)
                  0000086e    00000004     rtsv7M4_T_le_v4SPD16_eabi.lib : pre_init.obj (.text)

.const     0    00000874    00000090     
                  00000874    00000090     driverlib.lib : gpio.obj (.const:g_pui32GPIOBaseAddrs)

.cinit     0    00000908    00000024     
                  00000908    00000011     (.cinit..data.load) [load image, compression = lzss]
                  00000919    00000003     --HOLE-- [fill = 0]
                  0000091c    00000008     (__TI_handler_table)
                  00000924    00000008     (__TI_cinit_table)

.init_array 
*          0    00000000    00000000     UNINITIALIZED

.data      0    20000200    00000018     UNINITIALIZED
                  20000200    0000000c     rtsv7M4_T_le_v4SPD16_eabi.lib : exit.obj (.data:$O1$$)
                  2000020c    00000008                                   : _lock.obj (.data:$O1$$)
                  20000214    00000004                                   : stkdepth_vars.obj (.data)

.stack     0    20000000    00000200     UNINITIALIZED
                  20000000    00000200     --HOLE--

MODULE SUMMARY

       Module                         code   ro data   rw data
       ------                         ----   -------   -------
    ./
       tm4c123gh6pm_startup_ccs.obj   12     620       0      
       main.obj                       140    0         0      
    +--+------------------------------+------+---------+---------+
       Total:                         152    620       0      
                                                              
    /home/solid/TivaWare_C_Series-2.1.4.178/driverlib/ccs/Debug/driverlib.lib
       gpio.obj                       438    144       0      
       timer.obj                      160    0         0      
       sysctl.obj                     108    0         0      
    +--+------------------------------+------+---------+---------+
       Total:                         706    144       0      
                                                              
    /home/solid/ti/ccsv7/tools/compiler/ti-cgt-arm_16.9.4.LTS/lib/rtsv7M4_T_le_v4SPD16_eabi.lib
       memcpy_t2.obj                  156    0         0      
       autoinit.obj                   112    0         0      
       copy_decompress_lzss.obj       104    0         0      
       exit.obj                       84     0         12     
       boot.obj                       84     0         0      
       cpy_tbl.obj                    76     0         0      
       _lock.obj                      20     0         8      
       args_main.obj                  24     0         0      
       copy_decompress_none.obj       14     0         0      
       pre_init.obj                   4      0         0      
       stkdepth_vars.obj              0      0         4      
       mpu_init.obj                   2      0         0      
       startup.obj                    2      0         0      
    +--+------------------------------+------+---------+---------+
       Total:                         682    0         24     
                                                              
       Stack:                         0      0         512    
       Linker Generated:              0      33        0      
    +--+------------------------------+------+---------+---------+
       Grand Total:                   1540   797       536    


LINKER GENERATED COPY TABLES

__TI_cinit_table @ 00000924 records: 1, size/record: 8, table size: 8
	.data: load addr=00000908, load size=00000011 bytes, run addr=20000200, run size=00000018 bytes, compression=lzss


LINKER GENERATED HANDLER TABLE

__TI_handler_table @ 0000091c records: 2, size/record: 4, table size: 8
	index: 0, handler: __TI_decompress_lzss
	index: 1, handler: __TI_decompress_none


GLOBAL SYMBOLS: SORTED ALPHABETICALLY BY Name 

address   name                           
-------   ----                           
00000655  C$$EXIT                        
000007a9  GPIODirModeSet                 
0000026d  GPIOPadConfigSet               
000006f5  GPIOPinConfigure               
00000819  GPIOPinTypeTimer               
00000859  ResetISR                       
UNDEFED   SHT$$INIT_ARRAY$$Base          
UNDEFED   SHT$$INIT_ARRAY$$Limit         
00000775  SysCtlPeripheralEnable         
0000073d  SysCtlPeripheralReady          
000005a1  TimerConfigure                 
000007ed  TimerControlEvent              
0000083d  TimerEnable                    
0000082b  TimerLoadSet                   
00000865  TimerValueGet                  
20000200  __STACK_END                    
00000200  __STACK_SIZE                   
20000200  __STACK_TOP                    
00000924  __TI_CINIT_Base                
0000092c  __TI_CINIT_Limit               
0000091c  __TI_Handler_Table_Base        
00000924  __TI_Handler_Table_Limit       
000004c9  __TI_auto_init                 
20000200  __TI_cleanup_ptr               
00000539  __TI_decompress_lzss           
0000084b  __TI_decompress_none           
20000204  __TI_dtors_ptr                 
20000208  __TI_enable_exit_profile_output
ffffffff  __TI_pprof_out_hndl            
ffffffff  __TI_prof_data_size            
ffffffff  __TI_prof_data_start           
00000000  __TI_static_base__             
0000039f  __aeabi_memcpy                 
0000039f  __aeabi_memcpy4                
0000039f  __aeabi_memcpy8                
ffffffff  __binit__                      
ffffffff  __c_args__                     
0000043b  __mpu_init                     
20000000  __stack                        
000007d5  _args_main                     
00000601  _c_int00                       
2000020c  _lock                          
00000813  _nop                           
0000080b  _register_lock                 
00000805  _register_unlock               
000007d3  _system_post_cinit             
0000086f  _system_pre_init               
20000210  _unlock                        
00000659  abort                          
ffffffff  binit                          
00000463  config_timer                   
000006a9  copy_in                        
00000661  exit                           
00000000  g_pfnVectors                   
0000043d  main                           
20000214  main_func_sp                   
0000039f  memcpy                         


GLOBAL SYMBOLS: SORTED BY Symbol Address 

address   name                           
-------   ----                           
00000000  __TI_static_base__             
00000000  g_pfnVectors                   
00000200  __STACK_SIZE                   
0000026d  GPIOPadConfigSet               
0000039f  __aeabi_memcpy                 
0000039f  __aeabi_memcpy4                
0000039f  __aeabi_memcpy8                
0000039f  memcpy                         
0000043b  __mpu_init                     
0000043d  main                           
00000463  config_timer                   
000004c9  __TI_auto_init                 
00000539  __TI_decompress_lzss           
000005a1  TimerConfigure                 
00000601  _c_int00                       
00000655  C$$EXIT                        
00000659  abort                          
00000661  exit                           
000006a9  copy_in                        
000006f5  GPIOPinConfigure               
0000073d  SysCtlPeripheralReady          
00000775  SysCtlPeripheralEnable         
000007a9  GPIODirModeSet                 
000007d3  _system_post_cinit             
000007d5  _args_main                     
000007ed  TimerControlEvent              
00000805  _register_unlock               
0000080b  _register_lock                 
00000813  _nop                           
00000819  GPIOPinTypeTimer               
0000082b  TimerLoadSet                   
0000083d  TimerEnable                    
0000084b  __TI_decompress_none           
00000859  ResetISR                       
00000865  TimerValueGet                  
0000086f  _system_pre_init               
0000091c  __TI_Handler_Table_Base        
00000924  __TI_CINIT_Base                
00000924  __TI_Handler_Table_Limit       
0000092c  __TI_CINIT_Limit               
20000000  __stack                        
20000200  __STACK_END                    
20000200  __STACK_TOP                    
20000200  __TI_cleanup_ptr               
20000204  __TI_dtors_ptr                 
20000208  __TI_enable_exit_profile_output
2000020c  _lock                          
20000210  _unlock                        
20000214  main_func_sp                   
ffffffff  __TI_pprof_out_hndl            
ffffffff  __TI_prof_data_size            
ffffffff  __TI_prof_data_start           
ffffffff  __binit__                      
ffffffff  __c_args__                     
ffffffff  binit                          
UNDEFED   SHT$$INIT_ARRAY$$Base          
UNDEFED   SHT$$INIT_ARRAY$$Limit         

[57 symbols]
