******************************************************************************
                  TI ARM Linker Unix v16.9.4                   
******************************************************************************
>> Linked Sat Nov 18 07:00:23 2017

OUTPUT FILE NAME:   <freertos_demo_ex4a.out>
ENTRY POINT SYMBOL: "_c_int00"  address: 000010f9


MEMORY CONFIGURATION

         name            origin    length      used     unused   attr    fill
----------------------  --------  ---------  --------  --------  ----  --------
  FLASH                 00000000   00040000  000016ee  0003e912  R  X
  SRAM                  20000000   00008000  0000794c  000006b4  RW X


SEGMENT ALLOCATION MAP

run origin  load origin   length   init length attrs members
----------  ----------- ---------- ----------- ----- -------
00000000    00000000    000016f0   000016f0    r-x
  00000000    00000000    0000026c   0000026c    r-- .intvecs
  0000026c    0000026c    00001426   00001426    r-x .text
  00001694    00001694    0000001c   0000001c    r-- .const
  000016b0    000016b0    00000040   00000040    r-- .cinit
20000000    20000000    0000794c   00000000    rw-
  20000000    20000000    000076f0   00000000    rw- .bss
  200076f0    200076f0    00000200   00000000    rw- .stack
  200078f0    200078f0    0000005c   00000000    rw- .data


SECTION ALLOCATION MAP

 output                                  attributes/
section   page    origin      length       input sections
--------  ----  ----------  ----------   ----------------
.intvecs   0    00000000    0000026c     
                  00000000    0000026c     startup_ccs.obj (.intvecs)

.text      0    0000026c    00001426     
                  0000026c    000001ea     uartstdio.obj (.text:UARTvprintf)
                  00000456    00000002     startup_ccs.obj (.text:FaultISR)
                  00000458    00000104     tasks.obj (.text:xTaskGenericCreate)
                  0000055c    00000104     tasks.obj (.text:xTaskIncrementTick)
                  00000660    000000e8     queue.obj (.text:xQueueGenericSend)
                  00000748    000000e4     tasks.obj (.text:xTaskResumeAll)
                  0000082c    000000d2     portasm.obj (.text)
                  000008fe    00000002     startup_ccs.obj (.text:IntDefaultHandler)
                  00000900    000000ac     heap_2.obj (.text:pvPortMalloc)
                  000009ac    0000009c     rtsv7M4_T_le_v4SPD16_eabi.lib : memcpy_t2.obj (.text)
                  00000a48    0000008c     tasks.obj (.text:vTaskSwitchContext)
                  00000ad4    0000007c     tasks.obj (.text:xTaskPriorityDisinherit)
                  00000b50    0000007a     rtsv7M4_T_le_v4SPD16_eabi.lib : memset_t2.obj (.text)
                  00000bca    00000002     startup_ccs.obj (.text:NmiSR)
                  00000bcc    00000074     freertos_demo.obj (.text:main)
                  00000c40    00000074     tasks.obj (.text:xTaskRemoveFromEventList)
                  00000cb4    00000072     queue.obj (.text:prvCopyDataToQueue)
                  00000d26    00000002     rtsv7M4_T_le_v4SPD16_eabi.lib : i_div0.obj (.text)
                  00000d28    00000070                                   : autoinit.obj (.text)
                  00000d98    00000068                                   : copy_decompress_lzss.obj (.text:decompress:lzss)
                  00000e00    00000064     freertos_demo.obj (.text:ConfigureUART)
                  00000e64    00000064     tasks.obj (.text:vTaskPlaceOnEventList)
                  00000ec8    00000062     queue.obj (.text:prvUnlockQueue)
                  00000f2a    00000002     rtsv7M4_T_le_v4SPD16_eabi.lib : mpu_init.obj (.text)
                  00000f2c    00000060     uartstdio.obj (.text:UARTStdioConfig)
                  00000f8c    00000060     tasks.obj (.text:prvInitialiseTaskLists)
                  00000fec    00000060     tasks.obj (.text:vTaskStartScheduler)
                  0000104c    00000058     tasks.obj (.text:prvCheckTasksWaitingTermination)
                  000010a4    00000054     tasks.obj (.text:prvInitialiseTCBVariables)
                  000010f8    00000054     rtsv7M4_T_le_v4SPD16_eabi.lib : boot.obj (.text)
                  0000114c    00000054                                   : exit.obj (.text)
                  000011a0    00000054     tasks.obj (.text:xTaskCheckForTimeOut)
                  000011f4    0000004c     tasks.obj (.text:prvAddCurrentTaskToDelayedList)
                  00001240    0000004c     rtsv7M4_T_le_v4SPD16_eabi.lib : cpy_tbl.obj (.text)
                  0000128c    0000004c     queue.obj (.text:xQueueCreateMutex)
                  000012d8    00000048     uartstdio.obj (.text:UARTwrite)
                  00001320    00000044     heap_2.obj (.text:vPortFree)
                  00001364    00000040     rtsv7M4_T_le_v4SPD16_eabi.lib : u_divt2.obj (.text)
                  000013a4    00000040     port.obj (.text:xPortStartScheduler)
                  000013e4    0000003a     tasks.obj (.text:prvAllocateTCBAndStack)
                  0000141e    00000038     list.obj (.text:vListInsert)
                  00001456    00000002     rtsv7M4_T_le_v4SPD16_eabi.lib : startup.obj (.text)
                  00001458    00000030     heap_2.obj (.text:prvHeapInit)
                  00001488    0000002c     port.obj (.text:xPortSysTickHandler)
                  000014b4    00000028     tasks.obj (.text:prvResetNextTaskUnblockTime)
                  000014dc    00000028     port.obj (.text:pxPortInitialiseStack)
                  00001504    00000020     list.obj (.text:uxListRemove)
                  00001524    0000001c     queue.obj (.text:prvIsQueueFull)
                  00001540    0000001c     port.obj (.text:vPortEnterCritical)
                  0000155c    0000001a     uartstdio.obj (.text:UARTprintf)
                  00001576    00000002     freertos_demo.obj (.text:vApplicationStackOverflowHook)
                  00001578    00000018     rtsv7M4_T_le_v4SPD16_eabi.lib : args_main.obj (.text)
                  00001590    00000018     list.obj (.text:vListInsertEnd)
                  000015a8    00000018     port.obj (.text:vPortExitCritical)
                  000015c0    00000018     tasks.obj (.text:vTaskSetTimeOutState)
                  000015d8    00000016     list.obj (.text:vListInitialise)
                  000015ee    00000002     --HOLE-- [fill = 0]
                  000015f0    00000014     rtsv7M4_T_le_v4SPD16_eabi.lib : _lock.obj (.text)
                  00001604    00000014     port.obj (.text:vPortSetupTimerInterrupt)
                  00001618    00000012     tasks.obj (.text:prvDeleteTCB)
                  0000162a    00000010     port.obj (.text:prvTaskExitError)
                  0000163a    00000002     --HOLE-- [fill = 0]
                  0000163c    00000010     tasks.obj (.text:vTaskSuspendAll)
                  0000164c    0000000e     rtsv7M4_T_le_v4SPD16_eabi.lib : copy_decompress_none.obj (.text:decompress:none)
                  0000165a    0000000c                                   : copy_zero_init.obj (.text:decompress:ZI)
                  00001666    00000002     --HOLE-- [fill = 0]
                  00001668    0000000c     tasks.obj (.text:vTaskMissedYield)
                  00001674    00000008     tasks.obj (.text:prvIdleTask)
                  0000167c    00000006     startup_ccs.obj (.text:ResetISR)
                  00001682    00000006     driverlib.lib : uart.obj (.text:UARTClockSourceSet)
                  00001688    00000006     list.obj (.text:vListInitialiseItem)
                  0000168e    00000004     rtsv7M4_T_le_v4SPD16_eabi.lib : pre_init.obj (.text)

.const     0    00001694    0000001c     
                  00001694    0000000c     uartstdio.obj (.const:g_ui32UARTBase)
                  000016a0    0000000c     uartstdio.obj (.const:g_ui32UARTPeriph)
                  000016ac    00000004     port.obj (.const)

.cinit     0    000016b0    00000040     
                  000016b0    00000019     (.cinit..data.load) [load image, compression = lzss]
                  000016c9    00000003     --HOLE-- [fill = 0]
                  000016cc    0000000c     (__TI_handler_table)
                  000016d8    00000008     (.cinit..bss.load) [load image, compression = zero_init]
                  000016e0    00000010     (__TI_cinit_table)

.init_array 
*          0    00000000    00000000     UNINITIALIZED

.bss       0    20000000    000076f0     UNINITIALIZED
                  20000000    00007530     heap_2.obj (.bss:ucHeap)
                  20007530    00000140     tasks.obj (.bss:pxReadyTasksLists)
                  20007670    00000014     tasks.obj (.bss:xDelayedTaskList1)
                  20007684    00000014     tasks.obj (.bss:xDelayedTaskList2)
                  20007698    00000014     tasks.obj (.bss:xPendingReadyList)
                  200076ac    00000014     tasks.obj (.bss:xSuspendedTaskList)
                  200076c0    00000014     tasks.obj (.bss:xTasksWaitingTermination)
                  200076d4    00000008     tasks.obj (.bss)
                  200076dc    00000008     heap_2.obj (.bss:xEnd)
                  200076e4    00000008     heap_2.obj (.bss:xStart)
                  200076ec    00000004     (.common:g_pUARTSemaphore)

.data      0    200078f0    0000005c     UNINITIALIZED
                  200078f0    00000030     tasks.obj (.data)
                  20007920    0000000c     rtsv7M4_T_le_v4SPD16_eabi.lib : exit.obj (.data:$O1$$)
                  2000792c    00000008                                   : _lock.obj (.data:$O1$$)
                  20007934    00000008     heap_2.obj (.data)
                  2000793c    00000005     uartstdio.obj (.data)
                  20007941    00000003     --HOLE--
                  20007944    00000004     port.obj (.data)
                  20007948    00000004     rtsv7M4_T_le_v4SPD16_eabi.lib : stkdepth_vars.obj (.data)

.stack     0    200076f0    00000200     UNINITIALIZED
                  200076f0    00000200     --HOLE--

MODULE SUMMARY

       Module                     code   ro data   rw data
       ------                     ----   -------   -------
    ./
       startup_ccs.obj            12     620       0      
       freertos_demo.obj          218    0         4      
    +--+--------------------------+------+---------+---------+
       Total:                     230    620       4      
                                                          
    ./third_party/FreeRTOS/Source/
       tasks.obj                  1928   0         476    
       queue.obj                  548    0         0      
       list.obj                   140    0         0      
    +--+--------------------------+------+---------+---------+
       Total:                     2616   0         476    
                                                          
    ./third_party/FreeRTOS/Source/portable/CCS/ARM_CM4F/
       port.obj                   236    4         4      
       portasm.obj                210    0         0      
    +--+--------------------------+------+---------+---------+
       Total:                     446    4         4      
                                                          
    ./third_party/FreeRTOS/Source/portable/MemMang/
       heap_2.obj                 288    0         30024  
    +--+--------------------------+------+---------+---------+
       Total:                     288    0         30024  
                                                          
    ./utils/
       uartstdio.obj              684    24        5      
    +--+--------------------------+------+---------+---------+
       Total:                     684    24        5      
                                                          
    /home/solid/TivaWare_C_Series-2.1.4.178/driverlib/ccs/Debug/driverlib.lib
       uart.obj                   6      0         0      
    +--+--------------------------+------+---------+---------+
       Total:                     6      0         0      
                                                          
    /home/solid/ti/ccsv7/tools/compiler/ti-cgt-arm_16.9.4.LTS/lib/rtsv7M4_T_le_v4SPD16_eabi.lib
       memcpy_t2.obj              156    0         0      
       memset_t2.obj              122    0         0      
       autoinit.obj               112    0         0      
       copy_decompress_lzss.obj   104    0         0      
       exit.obj                   84     0         12     
       boot.obj                   84     0         0      
       cpy_tbl.obj                76     0         0      
       u_divt2.obj                64     0         0      
       _lock.obj                  20     0         8      
       args_main.obj              24     0         0      
       copy_decompress_none.obj   14     0         0      
       copy_zero_init.obj         12     0         0      
       pre_init.obj               4      0         0      
       stkdepth_vars.obj          0      0         4      
       i_div0.obj                 2      0         0      
       mpu_init.obj               2      0         0      
       startup.obj                2      0         0      
    +--+--------------------------+------+---------+---------+
       Total:                     882    0         24     
                                                          
       Stack:                     0      0         512    
       Linker Generated:          0      61        0      
    +--+--------------------------+------+---------+---------+
       Grand Total:               5152   709       31049  


LINKER GENERATED COPY TABLES

__TI_cinit_table @ 000016e0 records: 2, size/record: 8, table size: 16
	.data: load addr=000016b0, load size=00000019 bytes, run addr=200078f0, run size=0000005c bytes, compression=lzss
	.bss: load addr=000016d8, load size=00000008 bytes, run addr=20000000, run size=000076f0 bytes, compression=zero_init


LINKER GENERATED HANDLER TABLE

__TI_handler_table @ 000016cc records: 3, size/record: 4, table size: 12
	index: 0, handler: __TI_decompress_lzss
	index: 1, handler: __TI_decompress_none
	index: 2, handler: __TI_zero_init


GLOBAL SYMBOLS: SORTED ALPHABETICALLY BY Name 

address   name                           
-------   ----                           
0000114d  C$$EXIT                        
00000e01  ConfigureUART                  
UNDEFED   LEDTaskInit                    
0000167d  ResetISR                       
UNDEFED   SHT$$INIT_ARRAY$$Base          
UNDEFED   SHT$$INIT_ARRAY$$Limit         
UNDEFED   SwitchTaskInit                 
00001683  UARTClockSourceSet             
00000f2d  UARTStdioConfig                
0000155d  UARTprintf                     
0000026d  UARTvprintf                    
000012d9  UARTwrite                      
200078f0  __STACK_END                    
00000200  __STACK_SIZE                   
200078f0  __STACK_TOP                    
000016e0  __TI_CINIT_Base                
000016f0  __TI_CINIT_Limit               
000016cc  __TI_Handler_Table_Base        
000016d8  __TI_Handler_Table_Limit       
00000d29  __TI_auto_init                 
20007920  __TI_cleanup_ptr               
00000d99  __TI_decompress_lzss           
0000164d  __TI_decompress_none           
20007924  __TI_dtors_ptr                 
20007928  __TI_enable_exit_profile_output
ffffffff  __TI_pprof_out_hndl            
ffffffff  __TI_prof_data_size            
ffffffff  __TI_prof_data_start           
00000000  __TI_static_base__             
0000165b  __TI_zero_init                 
00000d27  __aeabi_idiv0                  
00000b51  __aeabi_memclr                 
00000b51  __aeabi_memclr4                
00000b51  __aeabi_memclr8                
000009ad  __aeabi_memcpy                 
000009ad  __aeabi_memcpy4                
000009ad  __aeabi_memcpy8                
00000b53  __aeabi_memset                 
00000b53  __aeabi_memset4                
00000b53  __aeabi_memset8                
00001365  __aeabi_uidiv                  
00001365  __aeabi_uidivmod               
ffffffff  __binit__                      
ffffffff  __c_args__                     
00000f2b  __mpu_init                     
200076f0  __stack                        
00001579  _args_main                     
000010f9  _c_int00                       
2000792c  _lock                          
000015ff  _nop                           
000015f7  _register_lock                 
000015f1  _register_unlock               
00001457  _system_post_cinit             
0000168f  _system_pre_init               
20007930  _unlock                        
00001151  abort                          
ffffffff  binit                          
00001241  copy_in                        
00001159  exit                           
200076ec  g_pUARTSemaphore               
00000000  g_pfnVectors                   
00000bcd  main                           
20007948  main_func_sp                   
000009ad  memcpy                         
00000b59  memset                         
00000901  pvPortMalloc                   
200078f0  pxCurrentTCB                   
000014dd  pxPortInitialiseStack          
000016ac  ulMaxSyscallInterruptPriority  
0000083d  ulPortGetIPSR                  
00001505  uxListRemove                   
00001577  vApplicationStackOverflowHook  
000015d9  vListInitialise                
00001689  vListInitialiseItem            
0000141f  vListInsert                    
00001591  vListInsertEnd                 
000008f1  vPortEnableVFP                 
00001541  vPortEnterCritical             
000015a9  vPortExitCritical              
00001321  vPortFree                      
000008b5  vPortSVCHandler                
00001605  vPortSetupTimerInterrupt       
000008d5  vPortStartFirstTask            
00001669  vTaskMissedYield               
00000e65  vTaskPlaceOnEventList          
000015c1  vTaskSetTimeOutState           
00000fed  vTaskStartScheduler            
0000163d  vTaskSuspendAll                
00000a49  vTaskSwitchContext             
00000855  xPortPendSVHandler             
000013a5  xPortStartScheduler            
00001489  xPortSysTickHandler            
0000128d  xQueueCreateMutex              
00000661  xQueueGenericSend              
000011a1  xTaskCheckForTimeOut           
00000459  xTaskGenericCreate             
0000055d  xTaskIncrementTick             
00000ad5  xTaskPriorityDisinherit        
00000c41  xTaskRemoveFromEventList       
00000749  xTaskResumeAll                 


GLOBAL SYMBOLS: SORTED BY Symbol Address 

address   name                           
-------   ----                           
00000000  __TI_static_base__             
00000000  g_pfnVectors                   
00000200  __STACK_SIZE                   
0000026d  UARTvprintf                    
00000459  xTaskGenericCreate             
0000055d  xTaskIncrementTick             
00000661  xQueueGenericSend              
00000749  xTaskResumeAll                 
0000083d  ulPortGetIPSR                  
00000855  xPortPendSVHandler             
000008b5  vPortSVCHandler                
000008d5  vPortStartFirstTask            
000008f1  vPortEnableVFP                 
00000901  pvPortMalloc                   
000009ad  __aeabi_memcpy                 
000009ad  __aeabi_memcpy4                
000009ad  __aeabi_memcpy8                
000009ad  memcpy                         
00000a49  vTaskSwitchContext             
00000ad5  xTaskPriorityDisinherit        
00000b51  __aeabi_memclr                 
00000b51  __aeabi_memclr4                
00000b51  __aeabi_memclr8                
00000b53  __aeabi_memset                 
00000b53  __aeabi_memset4                
00000b53  __aeabi_memset8                
00000b59  memset                         
00000bcd  main                           
00000c41  xTaskRemoveFromEventList       
00000d27  __aeabi_idiv0                  
00000d29  __TI_auto_init                 
00000d99  __TI_decompress_lzss           
00000e01  ConfigureUART                  
00000e65  vTaskPlaceOnEventList          
00000f2b  __mpu_init                     
00000f2d  UARTStdioConfig                
00000fed  vTaskStartScheduler            
000010f9  _c_int00                       
0000114d  C$$EXIT                        
00001151  abort                          
00001159  exit                           
000011a1  xTaskCheckForTimeOut           
00001241  copy_in                        
0000128d  xQueueCreateMutex              
000012d9  UARTwrite                      
00001321  vPortFree                      
00001365  __aeabi_uidiv                  
00001365  __aeabi_uidivmod               
000013a5  xPortStartScheduler            
0000141f  vListInsert                    
00001457  _system_post_cinit             
00001489  xPortSysTickHandler            
000014dd  pxPortInitialiseStack          
00001505  uxListRemove                   
00001541  vPortEnterCritical             
0000155d  UARTprintf                     
00001577  vApplicationStackOverflowHook  
00001579  _args_main                     
00001591  vListInsertEnd                 
000015a9  vPortExitCritical              
000015c1  vTaskSetTimeOutState           
000015d9  vListInitialise                
000015f1  _register_unlock               
000015f7  _register_lock                 
000015ff  _nop                           
00001605  vPortSetupTimerInterrupt       
0000163d  vTaskSuspendAll                
0000164d  __TI_decompress_none           
0000165b  __TI_zero_init                 
00001669  vTaskMissedYield               
0000167d  ResetISR                       
00001683  UARTClockSourceSet             
00001689  vListInitialiseItem            
0000168f  _system_pre_init               
000016ac  ulMaxSyscallInterruptPriority  
000016cc  __TI_Handler_Table_Base        
000016d8  __TI_Handler_Table_Limit       
000016e0  __TI_CINIT_Base                
000016f0  __TI_CINIT_Limit               
200076ec  g_pUARTSemaphore               
200076f0  __stack                        
200078f0  __STACK_END                    
200078f0  __STACK_TOP                    
200078f0  pxCurrentTCB                   
20007920  __TI_cleanup_ptr               
20007924  __TI_dtors_ptr                 
20007928  __TI_enable_exit_profile_output
2000792c  _lock                          
20007930  _unlock                        
20007948  main_func_sp                   
ffffffff  __TI_pprof_out_hndl            
ffffffff  __TI_prof_data_size            
ffffffff  __TI_prof_data_start           
ffffffff  __binit__                      
ffffffff  __c_args__                     
ffffffff  binit                          
UNDEFED   LEDTaskInit                    
UNDEFED   SHT$$INIT_ARRAY$$Base          
UNDEFED   SHT$$INIT_ARRAY$$Limit         
UNDEFED   SwitchTaskInit                 

[100 symbols]
