******************************************************************************
                  TI ARM Linker Unix v16.9.3                   
******************************************************************************
>> Linked Sat Aug 18 18:56:36 2018

OUTPUT FILE NAME:   <ProtocolExample.out>
ENTRY POINT SYMBOL: "_c_int00"  address: 000007e9


MEMORY CONFIGURATION

         name            origin    length      used     unused   attr    fill
----------------------  --------  ---------  --------  --------  ----  --------
  FLASH                 00000000   00040000  00000bf2  0003f40e  R  X
  SRAM                  20000000   00008000  00000220  00007de0  RW X


SEGMENT ALLOCATION MAP

run origin  load origin   length   init length attrs members
----------  ----------- ---------- ----------- ----- -------
00000000    00000000    00000bf4   00000bf4    r-x
  00000000    00000000    0000026c   0000026c    r-- .intvecs
  0000026c    0000026c    00000866   00000866    r-x .text
  00000ad4    00000ad4    000000fc   000000fc    r-- .const
  00000bd0    00000bd0    00000024   00000024    r-- .cinit
20000000    20000000    00000220   00000000    rw-
  20000000    20000000    00000200   00000000    rw- .stack
  20000200    20000200    00000020   00000000    rw- .data


SECTION ALLOCATION MAP

 output                                  attributes/
section   page    origin      length       input sections
--------  ----  ----------  ----------   ----------------
.intvecs   0    00000000    0000026c     
                  00000000    0000026c     tm4c123gh6pm_startup_ccs.obj (.intvecs)

.text      0    0000026c    00000866     
                  0000026c    000001c4     main.obj (.text)
                  00000430    00000132     driverlib.lib : gpio.obj (.text:GPIOPadConfigSet)
                  00000562    00000002     rtsv7M4_T_le_v4SPD16_eabi.lib : mpu_init.obj (.text)
                  00000564    00000110     driverlib.lib : sysctl.obj (.text:SysCtlClockGet)
                  00000674    0000009c     rtsv7M4_T_le_v4SPD16_eabi.lib : memcpy_t2.obj (.text)
                  00000710    00000070                                   : autoinit.obj (.text)
                  00000780    00000068                                   : copy_decompress_lzss.obj (.text:decompress:lzss)
                  000007e8    00000054                                   : boot.obj (.text)
                  0000083c    00000054                                   : exit.obj (.text)
                  00000890    0000004c                                   : cpy_tbl.obj (.text)
                  000008dc    00000048     driverlib.lib : gpio.obj (.text:GPIOPinConfigure)
                  00000924    00000046                   : uart.obj (.text:UARTConfigSetExpClk)
                  0000096a    00000002     rtsv7M4_T_le_v4SPD16_eabi.lib : startup.obj (.text)
                  0000096c    00000038     driverlib.lib : sysctl.obj (.text:SysCtlPeripheralReady)
                  000009a4    00000034                   : sysctl.obj (.text:SysCtlPeripheralEnable)
                  000009d8    0000002a                   : gpio.obj (.text:GPIODirModeSet)
                  00000a02    00000002     --HOLE-- [fill = 0]
                  00000a04    00000020                   : uart.obj (.text:UARTDisable)
                  00000a24    00000018     rtsv7M4_T_le_v4SPD16_eabi.lib : args_main.obj (.text)
                  00000a3c    00000014     driverlib.lib : uart.obj (.text:UARTEnable)
                  00000a50    00000014     rtsv7M4_T_le_v4SPD16_eabi.lib : _lock.obj (.text)
                  00000a64    00000012     driverlib.lib : gpio.obj (.text:GPIOPinTypeUART)
                  00000a76    0000000e                   : uart.obj (.text:UARTCharGetNonBlocking)
                  00000a84    0000000e                   : uart.obj (.text:UARTCharsAvail)
                  00000a92    0000000e     rtsv7M4_T_le_v4SPD16_eabi.lib : copy_decompress_none.obj (.text:decompress:none)
                  00000aa0    0000000c     tm4c123gh6pm_startup_ccs.obj (.text)
                  00000aac    0000000a     driverlib.lib : uart.obj (.text:UARTCharGet)
                  00000ab6    0000000a                   : uart.obj (.text:UARTCharPut)
                  00000ac0    0000000a                   : uart.obj (.text:UARTIntStatus)
                  00000aca    00000004                   : uart.obj (.text:UARTIntClear)
                  00000ace    00000004     rtsv7M4_T_le_v4SPD16_eabi.lib : pre_init.obj (.text)

.const     0    00000ad4    000000fc     
                  00000ad4    00000090     driverlib.lib : gpio.obj (.const:g_pui32GPIOBaseAddrs)
                  00000b64    0000006c                   : sysctl.obj (.const:g_pui32Xtals)

.cinit     0    00000bd0    00000024     
                  00000bd0    00000011     (.cinit..data.load) [load image, compression = lzss]
                  00000be1    00000003     --HOLE-- [fill = 0]
                  00000be4    00000008     (__TI_handler_table)
                  00000bec    00000008     (__TI_cinit_table)

.init_array 
*          0    00000000    00000000     UNINITIALIZED

.data      0    20000200    00000020     UNINITIALIZED
                  20000200    0000000c     rtsv7M4_T_le_v4SPD16_eabi.lib : exit.obj (.data:$O1$$)
                  2000020c    00000008                                   : _lock.obj (.data:$O1$$)
                  20000214    00000006     main.obj (.data)
                  2000021a    00000002     --HOLE--
                  2000021c    00000004     rtsv7M4_T_le_v4SPD16_eabi.lib : stkdepth_vars.obj (.data)

.stack     0    20000000    00000200     UNINITIALIZED
                  20000000    00000200     --HOLE--

MODULE SUMMARY

       Module                         code   ro data   rw data
       ------                         ----   -------   -------
    ./
       tm4c123gh6pm_startup_ccs.obj   12     620       0      
       main.obj                       452    0         6      
    +--+------------------------------+------+---------+---------+
       Total:                         464    620       6      
                                                              
    /home/solid/TivaWare_C_Series-2.1.3.156/driverlib/ccs/Debug/driverlib.lib
       gpio.obj                       438    144       0      
       sysctl.obj                     380    108       0      
       uart.obj                       184    0         0      
    +--+------------------------------+------+---------+---------+
       Total:                         1002   252       0      
                                                              
    /home/solid/ti/ccsv7/tools/compiler/ti-cgt-arm_16.9.3.LTS/lib/rtsv7M4_T_le_v4SPD16_eabi.lib
       memcpy_t2.obj                  156    0         0      
       autoinit.obj                   112    0         0      
       copy_decompress_lzss.obj       104    0         0      
       exit.obj                       84     0         12     
       boot.obj                       84     0         0      
       cpy_tbl.obj                    76     0         0      
       _lock.obj                      20     0         8      
       args_main.obj                  24     0         0      
       copy_decompress_none.obj       14     0         0      
       pre_init.obj                   4      0         0      
       stkdepth_vars.obj              0      0         4      
       mpu_init.obj                   2      0         0      
       startup.obj                    2      0         0      
    +--+------------------------------+------+---------+---------+
       Total:                         682    0         24     
                                                              
       Stack:                         0      0         512    
       Linker Generated:              0      33        0      
    +--+------------------------------+------+---------+---------+
       Grand Total:                   2148   905       542    


LINKER GENERATED COPY TABLES

__TI_cinit_table @ 00000bec records: 1, size/record: 8, table size: 8
	.data: load addr=00000bd0, load size=00000011 bytes, run addr=20000200, run size=00000020 bytes, compression=lzss


LINKER GENERATED HANDLER TABLE

__TI_handler_table @ 00000be4 records: 2, size/record: 4, table size: 8
	index: 0, handler: __TI_decompress_lzss
	index: 1, handler: __TI_decompress_none


GLOBAL SYMBOLS: SORTED ALPHABETICALLY BY Name 

address   name                           
-------   ----                           
0000083d  C$$EXIT                        
000009d9  GPIODirModeSet                 
00000431  GPIOPadConfigSet               
000008dd  GPIOPinConfigure               
00000a65  GPIOPinTypeUART                
0000033f  Protocol_Get                   
00000aa1  ResetISR                       
UNDEFED   SHT$$INIT_ARRAY$$Base          
UNDEFED   SHT$$INIT_ARRAY$$Limit         
0000026d  Serial2_Handler                
000002ef  Serial_Get_Char                
00000565  SysCtlClockGet                 
000009a5  SysCtlPeripheralEnable         
0000096d  SysCtlPeripheralReady          
00000aad  UARTCharGet                    
00000a77  UARTCharGetNonBlocking         
00000ab7  UARTCharPut                    
00000a85  UARTCharsAvail                 
00000925  UARTConfigSetExpClk            
00000a05  UARTDisable                    
00000a3d  UARTEnable                     
00000acb  UARTIntClear                   
00000ac1  UARTIntStatus                  
20000200  __STACK_END                    
00000200  __STACK_SIZE                   
20000200  __STACK_TOP                    
00000bec  __TI_CINIT_Base                
00000bf4  __TI_CINIT_Limit               
00000be4  __TI_Handler_Table_Base        
00000bec  __TI_Handler_Table_Limit       
00000711  __TI_auto_init                 
20000200  __TI_cleanup_ptr               
00000781  __TI_decompress_lzss           
00000a93  __TI_decompress_none           
20000204  __TI_dtors_ptr                 
20000208  __TI_enable_exit_profile_output
ffffffff  __TI_pprof_out_hndl            
ffffffff  __TI_prof_data_size            
ffffffff  __TI_prof_data_start           
00000000  __TI_static_base__             
00000675  __aeabi_memcpy                 
00000675  __aeabi_memcpy4                
00000675  __aeabi_memcpy8                
ffffffff  __binit__                      
ffffffff  __c_args__                     
00000563  __mpu_init                     
20000000  __stack                        
00000a25  _args_main                     
000007e9  _c_int00                       
2000020c  _lock                          
00000a5f  _nop                           
00000a57  _register_lock                 
00000a51  _register_unlock               
0000096b  _system_post_cinit             
00000acf  _system_pre_init               
20000210  _unlock                        
00000841  abort                          
ffffffff  binit                          
00000891  copy_in                        
00000849  exit                           
00000000  g_pfnVectors                   
000003e9  main                           
2000021c  main_func_sp                   
00000675  memcpy                         


GLOBAL SYMBOLS: SORTED BY Symbol Address 

address   name                           
-------   ----                           
00000000  __TI_static_base__             
00000000  g_pfnVectors                   
00000200  __STACK_SIZE                   
0000026d  Serial2_Handler                
000002ef  Serial_Get_Char                
0000033f  Protocol_Get                   
000003e9  main                           
00000431  GPIOPadConfigSet               
00000563  __mpu_init                     
00000565  SysCtlClockGet                 
00000675  __aeabi_memcpy                 
00000675  __aeabi_memcpy4                
00000675  __aeabi_memcpy8                
00000675  memcpy                         
00000711  __TI_auto_init                 
00000781  __TI_decompress_lzss           
000007e9  _c_int00                       
0000083d  C$$EXIT                        
00000841  abort                          
00000849  exit                           
00000891  copy_in                        
000008dd  GPIOPinConfigure               
00000925  UARTConfigSetExpClk            
0000096b  _system_post_cinit             
0000096d  SysCtlPeripheralReady          
000009a5  SysCtlPeripheralEnable         
000009d9  GPIODirModeSet                 
00000a05  UARTDisable                    
00000a25  _args_main                     
00000a3d  UARTEnable                     
00000a51  _register_unlock               
00000a57  _register_lock                 
00000a5f  _nop                           
00000a65  GPIOPinTypeUART                
00000a77  UARTCharGetNonBlocking         
00000a85  UARTCharsAvail                 
00000a93  __TI_decompress_none           
00000aa1  ResetISR                       
00000aad  UARTCharGet                    
00000ab7  UARTCharPut                    
00000ac1  UARTIntStatus                  
00000acb  UARTIntClear                   
00000acf  _system_pre_init               
00000be4  __TI_Handler_Table_Base        
00000bec  __TI_CINIT_Base                
00000bec  __TI_Handler_Table_Limit       
00000bf4  __TI_CINIT_Limit               
20000000  __stack                        
20000200  __STACK_END                    
20000200  __STACK_TOP                    
20000200  __TI_cleanup_ptr               
20000204  __TI_dtors_ptr                 
20000208  __TI_enable_exit_profile_output
2000020c  _lock                          
20000210  _unlock                        
2000021c  main_func_sp                   
ffffffff  __TI_pprof_out_hndl            
ffffffff  __TI_prof_data_size            
ffffffff  __TI_prof_data_start           
ffffffff  __binit__                      
ffffffff  __c_args__                     
ffffffff  binit                          
UNDEFED   SHT$$INIT_ARRAY$$Base          
UNDEFED   SHT$$INIT_ARRAY$$Limit         

[64 symbols]
